\BOOKMARK [1][-]{section.1}{\376\377\000\332\000v\000o\000d}{}% 1
\BOOKMARK [1][-]{section.2}{\376\377\000\332\000v\000o\000d}{}% 2
\BOOKMARK [1][-]{section.3}{\376\377\000V\000s\000t\000a\000v\000a\000n\000\351\000\040\000s\000y\000s\000t\000\351\000m\000y\000\040\040\024\000\040\000p\000o\000d\000r\000o\000b\000n\000\375\000\040\000p\000r\000e\000h\001\076\000a\000d}{}% 3
\BOOKMARK [2][-]{subsection.3.1}{\376\377\000A\000r\000c\000h\000i\000t\000e\000k\000t\000\372\000r\000a\000\040\000s\000y\000s\000t\000\351\000m\000u}{section.3}% 4
\BOOKMARK [2][-]{subsection.3.2}{\376\377\000A\000r\000c\000h\000i\000t\000e\000k\000t\000o\000n\000i\000c\000k\000\375\000\040\000n\000\341\000v\000r\000h\000\040\000a\000\040\000r\000o\000z\000d\000e\000l\000e\000n\000i\000e\000\040\000z\000o\000d\000p\000o\000v\000e\000d\000n\000o\000s\000t\000\355}{section.3}% 5
\BOOKMARK [2][-]{subsection.3.3}{\376\377\000V\000\375\000b\000e\000r\000\040\000p\000r\000o\000c\000e\000s\000o\000r\000o\000v\000e\000j\000\040\000p\000l\000a\000t\000f\000o\000r\000m\000y}{section.3}% 6
\BOOKMARK [2][-]{subsection.3.4}{\376\377\001\014\000a\000s\000o\000v\000a\000n\000i\000e\000,\000\040\000p\000l\000\341\000n\000o\000v\000a\000n\000i\000e\000\040\000a\000\040\000d\000e\000t\000e\000r\000m\000i\000n\000i\000s\000t\000i\000c\000k\000\351\000\040\000s\000p\000r\000\341\000v\000a\000n\000i\000e}{section.3}% 7
\BOOKMARK [2][-]{subsection.3.5}{\376\377\000V\000e\000r\000i\000f\000i\000k\000\341\000c\000i\000a\000\040\000a\000\040\000t\000e\000s\000t\000o\000v\000a\000n\000i\000e}{section.3}% 8
\BOOKMARK [2][-]{subsection.3.6}{\376\377\000R\000e\000g\000u\000l\000a\001\015\000n\000\351\000\040\000a\000\040\000n\000o\000r\000m\000a\000t\000\355\000v\000n\000e\000\040\000a\000s\000p\000e\000k\000t\000y}{section.3}% 9
\BOOKMARK [2][-]{subsection.3.7}{\376\377\000E\000M\000C\000/\000E\000M\000I\000\040\000a\000\040\000f\000y\000z\000i\000c\000k\000\351\000\040\000n\000\341\000v\000r\000h\000y}{section.3}% 10
\BOOKMARK [2][-]{subsection.3.8}{\376\377\000N\000a\000p\000\341\000j\000a\000n\000i\000e\000\040\000a\000\040\000e\000n\000e\000r\000g\000e\000t\000i\000c\000k\000\341\000\040\000e\000f\000e\000k\000t\000\355\000v\000n\000o\000s\001\145}{section.3}% 11
\BOOKMARK [2][-]{subsection.3.9}{\376\377\000B\000e\000z\000p\000e\001\015\000n\000o\000s\000t\000n\000\351\000\040\000v\000z\000o\000r\000y}{section.3}% 12
\BOOKMARK [2][-]{subsection.3.10}{\376\377\000N\000a\000s\000a\000d\000e\000n\000i\000e\000\040\000a\000\040\001\176\000i\000v\000o\000t\000n\000\375\000\040\000c\000y\000k\000l\000u\000s\000\040\000p\000r\000o\000d\000u\000k\000t\000u}{section.3}% 13
\BOOKMARK [2][-]{subsection.3.11}{\376\377\000Z\000h\000r\000n\000u\000t\000i\000e}{section.3}% 14
\BOOKMARK [1][-]{section.4}{\376\377\000I\000o\000T\000,\000\040\000s\000i\000e\000t\000e\000\040\000a\000\040\000t\000o\000p\000o\000l\000\363\000g\000i\000e}{}% 15
\BOOKMARK [2][-]{subsection.4.1}{\376\377\000I\000o\000T\000\040\000a\000r\000c\000h\000i\000t\000e\000k\000t\000\372\000r\000a\000\040\040\024\000\040\000v\000r\000s\000t\000v\000y\000\040\000a\000\040\000k\000o\000m\000p\000o\000n\000e\000n\000t\000y}{section.4}% 16
\BOOKMARK [2][-]{subsection.4.2}{\376\377\000S\000i\000e\001\145\000o\000v\000\351\000\040\000t\000o\000p\000o\000l\000\363\000g\000i\000e}{section.4}% 17
\BOOKMARK [2][-]{subsection.4.3}{\376\377\000P\000r\000a\000k\000t\000i\000c\000k\000\351\000\040\000s\000c\000e\000n\000\341\000r\000e\000\040\000a\000\040\000o\000d\000\364\000v\000o\000d\000n\000e\000n\000i\000e}{section.4}% 18
\BOOKMARK [2][-]{subsection.4.4}{\376\377\000K\000o\000m\000u\000n\000i\000k\000a\001\015\000n\000\351\000\040\000p\000r\000o\000t\000o\000k\000o\000l\000y}{section.4}% 19
\BOOKMARK [2][-]{subsection.4.5}{\376\377\000E\000d\000g\000e\000\040\000v\000s\000.\000\040\000c\000l\000o\000u\000d\000\040\000p\000r\000o\000c\000e\000s\000s\000i\000n\000g}{section.4}% 20
\BOOKMARK [2][-]{subsection.4.6}{\376\377\000B\000r\000\341\000n\000a\000\040\000\050\000g\000a\000t\000e\000w\000a\000y\000\051\000\040\040\024\000\040\000f\000u\000n\000k\000c\000i\000e}{section.4}% 21
\BOOKMARK [2][-]{subsection.4.7}{\376\377\001\140\000k\000\341\000l\000o\000v\000a\000n\000i\000e\000\040\000a\000\040\000s\000p\000r\000\341\000v\000a}{section.4}% 22
\BOOKMARK [2][-]{subsection.4.8}{\376\377\000B\000e\000z\000p\000e\001\015\000n\000o\000s\000t\000n\000\351\000\040\000p\000o\001\176\000i\000a\000d\000a\000v\000k\000y}{section.4}% 23
\BOOKMARK [2][-]{subsection.4.9}{\376\377\000P\000r\000\355\000k\000l\000a\000d\000y\000\040\000n\000a\000s\000a\000d\000e\000n\000\355}{section.4}% 24
\BOOKMARK [2][-]{subsection.4.10}{\376\377\000Z\000h\000r\000n\000u\000t\000i\000e}{section.4}% 25
\BOOKMARK [1][-]{section.5}{\376\377\000K\000o\000m\000u\000n\000i\000k\000a\001\015\000n\000\351\000\040\000p\000r\000o\000t\000o\000k\000o\000l\000y}{}% 26
\BOOKMARK [2][-]{subsection.5.1}{\376\377\000M\000Q\000T\000T}{section.5}% 27
\BOOKMARK [2][-]{subsection.5.2}{\376\377\000C\000o\000A\000P}{section.5}% 28
\BOOKMARK [2][-]{subsection.5.3}{\376\377\000H\000T\000T\000P\000/\000R\000E\000S\000T\000\040\000a\000\040\000W\000e\000b\000S\000o\000c\000k\000e\000t}{section.5}% 29
\BOOKMARK [2][-]{subsection.5.4}{\376\377\000N\000a\000r\000r\000o\000w\000b\000a\000n\000d\000\040\000a\000\040\000L\000P\000W\000A\000N\000\040\000t\000e\000c\000h\000n\000o\000l\000\363\000g\000i\000e\000:\000\040\000L\000o\000R\000a\000W\000A\000N\000,\000\040\000N\000B\040\021\000I\000o\000T\000,\000\040\000S\000i\000g\000f\000o\000x}{section.5}% 30
\BOOKMARK [2][-]{subsection.5.5}{\376\377\000B\000l\000u\000e\000t\000o\000o\000t\000h\000\040\000L\000o\000w\000\040\000E\000n\000e\000r\000g\000y\000\040\000\050\000B\000L\000E\000\051\000\040\000a\000\040\000Z\000i\000g\000b\000e\000e}{section.5}% 31
\BOOKMARK [2][-]{subsection.5.6}{\376\377\0006\000L\000o\000W\000P\000A\000N\000,\000\040\000T\000h\000r\000e\000a\000d\000\040\000a\000\040\000I\000P\000v\0006}{section.5}% 32
\BOOKMARK [2][-]{subsection.5.7}{\376\377\000B\000e\000z\000p\000e\001\015\000n\000o\000s\000t\000n\000\351\000\040\000a\000s\000p\000e\000k\000t\000y\000\040\000p\000r\000o\000t\000o\000k\000o\000l\000o\000v}{section.5}% 33
\BOOKMARK [2][-]{subsection.5.8}{\376\377\000K\000r\000i\000t\000\351\000r\000i\000\341\000\040\000v\000\375\000b\000e\000r\000u\000\040\000p\000r\000o\000t\000o\000k\000o\000l\000u}{section.5}% 34
\BOOKMARK [1][-]{section.6}{\376\377\000E\000S\000P\0003\0002\000\040\040\023\000\040\000p\000r\000e\000h\001\076\000a\000d\000\040\000p\000l\000a\000t\000f\000o\000r\000m\000y}{}% 35
\BOOKMARK [1][-]{section.7}{\376\377\000M\000i\000c\000r\000o\000P\000y\000t\000h\000o\000n\000\040\000p\000r\000e\000\040\000v\000s\000t\000a\000v\000a\000n\000\351\000\040\000s\000y\000s\000t\000\351\000m\000y}{}% 36
\BOOKMARK [1][-]{section.8}{\376\377\000P\000r\000\355\000k\000l\000a\000d\000y\000\040\000a\000\040\000e\000x\000p\000e\000r\000i\000m\000e\000n\000t\000\341\000l\000n\000e\000\040\000c\000v\000i\001\015\000e\000n\000i\000a}{}% 37
\BOOKMARK [1][-]{section.9}{\376\377\000S\000e\000r\000v\000i\000s\000n\000\375\000\040\000t\000e\000s\000t\000\040\000d\000o\000s\000k\000y}{}% 38
\BOOKMARK [1][-]{section.10}{\376\377\000M\000e\000t\000o\000d\000i\000k\000a\000\040\000e\000x\000p\000e\000r\000i\000m\000e\000n\000t\000o\000v\000\040\000a\000\040\000h\000o\000d\000n\000o\000t\000e\000n\000i\000e}{}% 39
\BOOKMARK [1][-]{section.11}{\376\377\000I\000n\000t\000e\000r\000a\000k\000c\000i\000a\000\040\000s\000\040\000t\000l\000a\001\015\000i\000d\000l\000a\000m\000i\000:\000\040\000h\000r\000a\000\040\000h\000\341\000d\000a\000n\000i\000a}{}% 40
\BOOKMARK [1][-]{section.12}{\376\377\000D\000i\000g\000i\000t\000\341\000l\000n\000e\000\040\000r\000i\000a\000d\000e\000n\000i\000e\000\040\000R\000G\000B\000\040\000L\000E\000D}{}% 41
\BOOKMARK [1][-]{section.13}{\376\377\000P\000W\000M\000\040\000r\000i\000a\000d\000e\000n\000i\000e\000\040\000j\000a\000s\000u\000\040\000R\000G\000B\000\040\000L\000E\000D}{}% 42
\BOOKMARK [1][-]{section.14}{\376\377\000P\000r\000e\000r\000u\001\141\000e\000n\000i\000a\000\040\000a\000\040\000m\000e\000r\000a\000n\000i\000e\000\040\000d\001\072\001\176\000k\000y\000\040\000s\000t\000l\000a\001\015\000e\000n\000i\000a}{}% 43
\BOOKMARK [1][-]{section.15}{\376\377\000S\000\351\000r\000i\000o\000v\000\351\000\040\000L\000E\000D\000\040\000W\000S\0002\0008\0001\0002\000B}{}% 44
\BOOKMARK [1][-]{section.16}{\376\377\000P\000W\000M\000\040\000b\000z\000u\001\015\000i\000a\000k\000\040\000a\000\040\000k\000r\000\341\000t\000k\000a\000\040\000m\000e\000l\000\363\000d\000i\000a}{}% 45
\BOOKMARK [1][-]{section.17}{\376\377\000A\000n\000a\000l\000\363\000g\000o\000v\000\351\000\040\000m\000e\000r\000a\000n\000i\000e\000\040\000s\000v\000e\000t\000l\000a}{}% 46
\BOOKMARK [1][-]{section.18}{\376\377\000S\000e\000n\000z\000o\000r\000\040\000D\000H\000T\000:\000\040\000t\000e\000p\000l\000o\000t\000a\000\040\000a\000\040\000v\000l\000h\000k\000o\000s\001\145}{}% 47
\BOOKMARK [1][-]{section.19}{\376\377\000W\000i\000-\000F\000i\000\040\000p\000r\000\355\000s\000t\000u\000p\000o\000v\000\375\000\040\000b\000o\000d\000\040\000a\000\040\000w\000e\000b\000o\000v\000\351\000\040\000o\000v\000l\000\341\000d\000a\000n\000i\000e}{}% 48
\BOOKMARK [1][-]{section.20}{\376\377\000O\000d\000o\000s\000i\000e\000l\000a\000n\000i\000e\000\040\000d\000\341\000t\000\040\000d\000o\000\040\000T\000h\000i\000n\000g\000S\000p\000e\000a\000k}{}% 49
\BOOKMARK [1][-]{section.21}{\376\377\000M\000Q\000T\000T\000\040\000p\000u\000b\000l\000i\000s\000h\000/\000s\000u\000b\000s\000c\000r\000i\000b\000e\000\040\000k\000o\000m\000u\000n\000i\000k\000\341\000c\000i\000a}{}% 50
